tevw
thqh
tezu
tfnc
thlg
thyo
tgks
tacj
tbcm
tikk
tgcz
tjec
taqz
tcuv
thka
tdne
tcdo
teju
tarb
tgdz
tbja
tdqq
tffi
tddj
taaf
thcl
tdyw
tiwk
tfyl
tguf
tanr
taye
taio
tgvc
tias
tbwj
tgxa
teji
tebe
tbaq
tgxm
tcak
tfsf
takr
tcqv
tbpb
tiwn
tadh
tgig
tcpe
tauy
tfqa
tibe
teyk
teuh
tbaa
tfxo
tbim
tcwj
tbci
tdso
tall
taqj
tbmo
tdbp
tjae
thtg
tdfc
tcse
thdf
tbah
tfaj
tgah
tgbr
terx
tisj
tdmb
teda
tfzb
tagr
tdow
tezr
tfnb
tbaw
tcvl
tfdn
tiyr
thyt
tcnc
tfze
tdvy
tesl
tabk
timb
tgeu
tdex
taqw
tiys
teex
tfjk
tieq
tcbb
tfjy
tckw
tdom
thsp
tals
tgrk
tgll
taoh
thao
tiay
tbug
tigi
teao
tiup
thog
tfxg
tdfw
tdsj
tcsd
tepy
tbjy
tjdt
tcnu
tgjm
tgnb
tdzt
tdge
tcyg
thin
tevp
tjem
tiir
thuy
tgwx
teur
thwl
tgxn
tiqo
tfho
tejx
than
tbjw
tiun
tayf
tagu
tgxs
tfxe
thlh
thls
them
thxa
tfnj
tbca
temz
tcto
tbsj
tboh
tbsg
this
tiaq
tcmt
tccy
tcnf
tgap
tjbj
tawf
tjbx
tepr
tgqh
talp
tacb
tcbd
tdcv
tatc
tevn
tcqw
tenk
tgrw
tafx
thyq
thcq
tass
tevr
thta
tfzo
tbie
tbye
tcxv
tedq
tfrw
tizz
tbwn
tbjt
tfrm
tceq
tder
tfuv
taty
tdih
tggp
tchf
tetd
thhq
tfvg
tbjv
tdfa
tfxy
tfmg
tgos
tcgo
tful
thkh
tiok
tcpf
tgwd
tcyv
tfcr
tfeq
taea
tehx
tgik
tcjj
tamc
tavj
tgrm
tiyq
tear
tgpi
tdiq
tecj
tbct
tgdd
tdrw
tbfm
teyj
tcwk
tccj
tipo
tbkv
tjep
tbjs
tgay
tdpa
teii
tite
tfxs